[     425ms] [INFO] %cDownload the React DevTools for a better development experience: https://react.dev/link/react-devtools font-weight:bold @ http://localhost:3000/_next/static/chunks/node_modules_next_dist_115brz8._.js:2431
[     464ms] [LOG] [HMR] connected @ http://localhost:3000/_next/static/chunks/node_modules_next_dist_115brz8._.js:2431
[     501ms] [ERROR] Failed to load resource: the server responded with a status of 404 (Not Found) @ http://localhost:3000/favicon.ico:0
[     570ms] [ERROR] Failed to load resource: the server responded with a status of 401 (Unauthorized) @ http://localhost:3000/api/profile:0
[     586ms] [LOG] [Fast Refresh] rebuilding @ http://localhost:3000/_next/static/chunks/node_modules_next_dist_115brz8._.js:2431
[     717ms] [LOG] [Fast Refresh] done in 230ms @ http://localhost:3000/_next/static/chunks/node_modules_next_dist_115brz8._.js:2431
[     851ms] [ERROR] Failed to load resource: the server responded with a status of 401 (Unauthorized) @ http://localhost:3000/api/songs/cmmx4y3rr000jmc8cplhretm3:0
[    1083ms] [ERROR] Failed to load resource: the server responded with a status of 404 (Not Found) @ http://localhost:3000/icon-192.png:0
[    1181ms] [WARNING] Error while trying to use the following icon from the Manifest: http://localhost:3000/icon-192.png (Download error or resource isn't a valid image) @ http://localhost:3000/songs/cmmx4y3rr000jmc8cplhretm3:0
[    4182ms] [WARNING] The resource http://localhost:3000/_next/static/chunks/src_app_globals_0p2ml0n.css was preloaded using link preload but not used within a few seconds from the window's load event. Please make sure it has an appropriate `as` value and it is preloaded intentionally. @ http://localhost:3000/songs/cmmx4y3rr000jmc8cplhretm3:0
[    4468ms] [LOG] [Fast Refresh] rebuilding @ http://localhost:3000/_next/static/chunks/node_modules_next_dist_115brz8._.js:2431
[    4552ms] [LOG] [Fast Refresh] done in 187ms @ http://localhost:3000/_next/static/chunks/node_modules_next_dist_115brz8._.js:2431
[   27899ms] [LOG] [Fast Refresh] rebuilding @ http://localhost:3000/_next/static/chunks/node_modules_next_dist_115brz8._.js:2431
[   27946ms] [LOG] [Fast Refresh] done in 148ms @ http://localhost:3000/_next/static/chunks/node_modules_next_dist_115brz8._.js:2431
[   40959ms] [INFO] %cDownload the React DevTools for a better development experience: https://react.dev/link/react-devtools font-weight:bold @ http://localhost:3000/_next/static/chunks/node_modules_next_dist_115brz8._.js:2431
[   40967ms] [VERBOSE] [DOM] Input elements should have autocomplete attributes (suggested: "current-password"): (More info: https://goo.gl/9p2vKq) %o @ http://localhost:3000/login:0
[   40968ms] [LOG] [HMR] connected @ http://localhost:3000/_next/static/chunks/node_modules_next_dist_115brz8._.js:2431
[   41005ms] [ERROR] Failed to load resource: the server responded with a status of 404 (Not Found) @ http://localhost:3000/icon-192.png:0
[   41013ms] [WARNING] Error while trying to use the following icon from the Manifest: http://localhost:3000/icon-192.png (Download error or resource isn't a valid image) @ http://localhost:3000/login:0
[   44015ms] [WARNING] The resource http://localhost:3000/_next/static/chunks/src_app_globals_0p2ml0n.css was preloaded using link preload but not used within a few seconds from the window's load event. Please make sure it has an appropriate `as` value and it is preloaded intentionally. @ http://localhost:3000/login:0
[   49926ms] [LOG] [Fast Refresh] rebuilding @ http://localhost:3000/_next/static/chunks/node_modules_next_dist_115brz8._.js:2431
[   49955ms] [ERROR] Failed to load resource: the server responded with a status of 404 (Not Found) @ http://localhost:3000/icon-192.png:0
[   49959ms] [LOG] [Fast Refresh] done in 133ms @ http://localhost:3000/_next/static/chunks/node_modules_next_dist_115brz8._.js:2431
[   50031ms] [ERROR] Failed to load resource: the server responded with a status of 404 (Not Found) @ http://localhost:3000/icon-192.png:0
[   50033ms] [WARNING] Error while trying to use the following icon from the Manifest: http://localhost:3000/icon-192.png (Download error or resource isn't a valid image) @ http://localhost:3000/dashboard:0
[   50039ms] [WARNING] Error while trying to use the following icon from the Manifest: http://localhost:3000/icon-192.png (Download error or resource isn't a valid image) @ http://localhost:3000/dashboard:0
[   50098ms] [ERROR] Loading the image 'https://t2.genius.com/unsafe/258x258/https%3A%2F%2Fimages.genius.com%2Fc983e21a28c8dcc0cc921d2165a6d20e.604x600x1.png' violates the following Content Security Policy directive: "img-src 'self' data: blob: https://images.genius.com". The action has been blocked. @ http://localhost:3000/dashboard:0
[   50098ms] [ERROR] Loading the image 'https://t2.genius.com/unsafe/689x689/https%3A%2F%2Fimages.genius.com%2Fac2804dee1138fca313377eef529a177.600x599x1.jpg' violates the following Content Security Policy directive: "img-src 'self' data: blob: https://images.genius.com". The action has been blocked. @ http://localhost:3000/dashboard:0
[   50104ms] [ERROR] Connecting to 'https://api.iconify.design/lucide.json?icons=download' violates the following Content Security Policy directive: "connect-src 'self'". The action has been blocked. @ http://localhost:3000/_next/static/chunks/node_modules_%40iconify_react_dist_iconify_0~i0_4q.js:778
[   50104ms] [ERROR] Fetch API cannot load https://api.iconify.design/lucide.json?icons=download. Refused to connect because it violates the document's Content Security Policy. @ http://localhost:3000/_next/static/chunks/node_modules_%40iconify_react_dist_iconify_0~i0_4q.js:778
[   50105ms] [ERROR] Connecting to 'https://api.unisvg.com/lucide.json?icons=download' violates the following Content Security Policy directive: "connect-src 'self'". The action has been blocked. @ http://localhost:3000/_next/static/chunks/node_modules_%40iconify_react_dist_iconify_0~i0_4q.js:778
[   50105ms] [ERROR] Fetch API cannot load https://api.unisvg.com/lucide.json?icons=download. Refused to connect because it violates the document's Content Security Policy. @ http://localhost:3000/_next/static/chunks/node_modules_%40iconify_react_dist_iconify_0~i0_4q.js:778
[   50105ms] [ERROR] Connecting to 'https://api.simplesvg.com/lucide.json?icons=download' violates the following Content Security Policy directive: "connect-src 'self'". The action has been blocked. @ http://localhost:3000/_next/static/chunks/node_modules_%40iconify_react_dist_iconify_0~i0_4q.js:778
[   50105ms] [ERROR] Fetch API cannot load https://api.simplesvg.com/lucide.json?icons=download. Refused to connect because it violates the document's Content Security Policy. @ http://localhost:3000/_next/static/chunks/node_modules_%40iconify_react_dist_iconify_0~i0_4q.js:778
[   50222ms] [LOG] [Fast Refresh] rebuilding @ http://localhost:3000/_next/static/chunks/node_modules_next_dist_115brz8._.js:2431
[   50358ms] [LOG] [Fast Refresh] done in 239ms @ http://localhost:3000/_next/static/chunks/node_modules_next_dist_115brz8._.js:2431
[   53747ms] [WARNING] The resource http://localhost:3000/_next/static/chunks/src_app_globals_0p2ml0n.css was preloaded using link preload but not used within a few seconds from the window's load event. Please make sure it has an appropriate `as` value and it is preloaded intentionally. @ http://localhost:3000/dashboard:0
[   96832ms] [INFO] %cDownload the React DevTools for a better development experience: https://react.dev/link/react-devtools font-weight:bold @ http://localhost:3000/_next/static/chunks/node_modules_next_dist_115brz8._.js:2431
[   96842ms] [LOG] [HMR] connected @ http://localhost:3000/_next/static/chunks/node_modules_next_dist_115brz8._.js:2431
[   96882ms] [ERROR] Failed to load resource: the server responded with a status of 404 (Not Found) @ http://localhost:3000/icon-192.png:0
[   96901ms] [WARNING] Error while trying to use the following icon from the Manifest: http://localhost:3000/icon-192.png (Download error or resource isn't a valid image) @ http://localhost:3000/dashboard:0
[   96959ms] [ERROR] Loading the image 'https://t2.genius.com/unsafe/258x258/https%3A%2F%2Fimages.genius.com%2Fc983e21a28c8dcc0cc921d2165a6d20e.604x600x1.png' violates the following Content Security Policy directive: "img-src 'self' data: blob: https://images.genius.com". The action has been blocked. @ http://localhost:3000/dashboard:0
[   96959ms] [ERROR] Loading the image 'https://t2.genius.com/unsafe/689x689/https%3A%2F%2Fimages.genius.com%2Fac2804dee1138fca313377eef529a177.600x599x1.jpg' violates the following Content Security Policy directive: "img-src 'self' data: blob: https://images.genius.com". The action has been blocked. @ http://localhost:3000/dashboard:0
[   96962ms] [ERROR] Connecting to 'https://api.iconify.design/lucide.json?icons=download' violates the following Content Security Policy directive: "connect-src 'self'". The action has been blocked. @ http://localhost:3000/_next/static/chunks/node_modules_%40iconify_react_dist_iconify_0~i0_4q.js:778
[   96962ms] [ERROR] Fetch API cannot load https://api.iconify.design/lucide.json?icons=download. Refused to connect because it violates the document's Content Security Policy. @ http://localhost:3000/_next/static/chunks/node_modules_%40iconify_react_dist_iconify_0~i0_4q.js:778
[   96962ms] [ERROR] Connecting to 'https://api.unisvg.com/lucide.json?icons=download' violates the following Content Security Policy directive: "connect-src 'self'". The action has been blocked. @ http://localhost:3000/_next/static/chunks/node_modules_%40iconify_react_dist_iconify_0~i0_4q.js:778
[   96962ms] [ERROR] Fetch API cannot load https://api.unisvg.com/lucide.json?icons=download. Refused to connect because it violates the document's Content Security Policy. @ http://localhost:3000/_next/static/chunks/node_modules_%40iconify_react_dist_iconify_0~i0_4q.js:778
[   96962ms] [ERROR] Connecting to 'https://api.simplesvg.com/lucide.json?icons=download' violates the following Content Security Policy directive: "connect-src 'self'". The action has been blocked. @ http://localhost:3000/_next/static/chunks/node_modules_%40iconify_react_dist_iconify_0~i0_4q.js:778
[   96962ms] [ERROR] Fetch API cannot load https://api.simplesvg.com/lucide.json?icons=download. Refused to connect because it violates the document's Content Security Policy. @ http://localhost:3000/_next/static/chunks/node_modules_%40iconify_react_dist_iconify_0~i0_4q.js:778
[   99951ms] [WARNING] The resource http://localhost:3000/_next/static/chunks/src_app_globals_0p2ml0n.css was preloaded using link preload but not used within a few seconds from the window's load event. Please make sure it has an appropriate `as` value and it is preloaded intentionally. @ http://localhost:3000/dashboard:0
[  100571ms] [ERROR] Failed to load resource: the server responded with a status of 404 (Not Found) @ http://localhost:3000/icon-192.png:0
[  100576ms] [WARNING] Error while trying to use the following icon from the Manifest: http://localhost:3000/icon-192.png (Download error or resource isn't a valid image) @ http://localhost:3000/songs/cmmwingmq001hhf8chs2nfn9i:0
[  100600ms] [ERROR] Connecting to 'https://api.iconify.design/lucide.json?icons=arrow-down-up%2Cbrain%2Cfile-text%2Cglobe%2Cheart%2Clist%2Cmic%2Cmic-vocal%2Cpencil%2Cpuzzle' violates the following Content Security Policy directive: "connect-src 'self'". The action has been blocked. @ http://localhost:3000/_next/static/chunks/node_modules_%40iconify_react_dist_iconify_0~i0_4q.js:778
[  100600ms] [ERROR] Fetch API cannot load https://api.iconify.design/lucide.json?icons=arrow-down-up%2Cbrain%2Cfile-text%2Cglobe%2Cheart%2Clist%2Cmic%2Cmic-vocal%2Cpencil%2Cpuzzle. Refused to connect because it violates the document's Content Security Policy. @ http://localhost:3000/_next/static/chunks/node_modules_%40iconify_react_dist_iconify_0~i0_4q.js:778
[  100600ms] [ERROR] Connecting to 'https://api.unisvg.com/lucide.json?icons=arrow-down-up%2Cbrain%2Cfile-text%2Cglobe%2Cheart%2Clist%2Cmic%2Cmic-vocal%2Cpencil%2Cpuzzle' violates the following Content Security Policy directive: "connect-src 'self'". The action has been blocked. @ http://localhost:3000/_next/static/chunks/node_modules_%40iconify_react_dist_iconify_0~i0_4q.js:778
[  100600ms] [ERROR] Fetch API cannot load https://api.unisvg.com/lucide.json?icons=arrow-down-up%2Cbrain%2Cfile-text%2Cglobe%2Cheart%2Clist%2Cmic%2Cmic-vocal%2Cpencil%2Cpuzzle. Refused to connect because it violates the document's Content Security Policy. @ http://localhost:3000/_next/static/chunks/node_modules_%40iconify_react_dist_iconify_0~i0_4q.js:778
[  100600ms] [ERROR] Connecting to 'https://api.simplesvg.com/lucide.json?icons=arrow-down-up%2Cbrain%2Cfile-text%2Cglobe%2Cheart%2Clist%2Cmic%2Cmic-vocal%2Cpencil%2Cpuzzle' violates the following Content Security Policy directive: "connect-src 'self'". The action has been blocked. @ http://localhost:3000/_next/static/chunks/node_modules_%40iconify_react_dist_iconify_0~i0_4q.js:778
[  100600ms] [ERROR] Fetch API cannot load https://api.simplesvg.com/lucide.json?icons=arrow-down-up%2Cbrain%2Cfile-text%2Cglobe%2Cheart%2Clist%2Cmic%2Cmic-vocal%2Cpencil%2Cpuzzle. Refused to connect because it violates the document's Content Security Policy. @ http://localhost:3000/_next/static/chunks/node_modules_%40iconify_react_dist_iconify_0~i0_4q.js:778
[  101671ms] [ERROR] Connecting to 'https://api.iconify.design/lucide.json?icons=package%2Csearch%2Ctrash-2' violates the following Content Security Policy directive: "connect-src 'self'". The action has been blocked. @ http://localhost:3000/_next/static/chunks/node_modules_%40iconify_react_dist_iconify_0~i0_4q.js:778
[  101671ms] [ERROR] Fetch API cannot load https://api.iconify.design/lucide.json?icons=package%2Csearch%2Ctrash-2. Refused to connect because it violates the document's Content Security Policy. @ http://localhost:3000/_next/static/chunks/node_modules_%40iconify_react_dist_iconify_0~i0_4q.js:778
[  101671ms] [ERROR] Connecting to 'https://api.unisvg.com/lucide.json?icons=package%2Csearch%2Ctrash-2' violates the following Content Security Policy directive: "connect-src 'self'". The action has been blocked. @ http://localhost:3000/_next/static/chunks/node_modules_%40iconify_react_dist_iconify_0~i0_4q.js:778
[  101671ms] [ERROR] Fetch API cannot load https://api.unisvg.com/lucide.json?icons=package%2Csearch%2Ctrash-2. Refused to connect because it violates the document's Content Security Policy. @ http://localhost:3000/_next/static/chunks/node_modules_%40iconify_react_dist_iconify_0~i0_4q.js:778
[  101672ms] [ERROR] Connecting to 'https://api.simplesvg.com/lucide.json?icons=package%2Csearch%2Ctrash-2' violates the following Content Security Policy directive: "connect-src 'self'". The action has been blocked. @ http://localhost:3000/_next/static/chunks/node_modules_%40iconify_react_dist_iconify_0~i0_4q.js:778
[  101672ms] [ERROR] Fetch API cannot load https://api.simplesvg.com/lucide.json?icons=package%2Csearch%2Ctrash-2. Refused to connect because it violates the document's Content Security Policy. @ http://localhost:3000/_next/static/chunks/node_modules_%40iconify_react_dist_iconify_0~i0_4q.js:778
[  102663ms] [ERROR] Connecting to 'https://api.iconify.design/lucide.json?icons=message-square%2Cmusic' violates the following Content Security Policy directive: "connect-src 'self'". The action has been blocked. @ http://localhost:3000/_next/static/chunks/node_modules_%40iconify_react_dist_iconify_0~i0_4q.js:778
[  102663ms] [ERROR] Fetch API cannot load https://api.iconify.design/lucide.json?icons=message-square%2Cmusic. Refused to connect because it violates the document's Content Security Policy. @ http://localhost:3000/_next/static/chunks/node_modules_%40iconify_react_dist_iconify_0~i0_4q.js:778
[  102663ms] [ERROR] Connecting to 'https://api.unisvg.com/lucide.json?icons=message-square%2Cmusic' violates the following Content Security Policy directive: "connect-src 'self'". The action has been blocked. @ http://localhost:3000/_next/static/chunks/node_modules_%40iconify_react_dist_iconify_0~i0_4q.js:778
[  102663ms] [ERROR] Fetch API cannot load https://api.unisvg.com/lucide.json?icons=message-square%2Cmusic. Refused to connect because it violates the document's Content Security Policy. @ http://localhost:3000/_next/static/chunks/node_modules_%40iconify_react_dist_iconify_0~i0_4q.js:778
[  102663ms] [ERROR] Connecting to 'https://api.simplesvg.com/lucide.json?icons=message-square%2Cmusic' violates the following Content Security Policy directive: "connect-src 'self'". The action has been blocked. @ http://localhost:3000/_next/static/chunks/node_modules_%40iconify_react_dist_iconify_0~i0_4q.js:778
[  102663ms] [ERROR] Fetch API cannot load https://api.simplesvg.com/lucide.json?icons=message-square%2Cmusic. Refused to connect because it violates the document's Content Security Policy. @ http://localhost:3000/_next/static/chunks/node_modules_%40iconify_react_dist_iconify_0~i0_4q.js:778
[  102759ms] [LOG] [Fast Refresh] rebuilding @ http://localhost:3000/_next/static/chunks/node_modules_next_dist_115brz8._.js:2431
[  102805ms] [LOG] [Fast Refresh] done in 148ms @ http://localhost:3000/_next/static/chunks/node_modules_next_dist_115brz8._.js:2431
[  105779ms] [WARNING] The resource http://localhost:3000/_next/static/chunks/src_app_globals_0p2ml0n.css was preloaded using link preload but not used within a few seconds from the window's load event. Please make sure it has an appropriate `as` value and it is preloaded intentionally. @ http://localhost:3000/songs/cmmwingmq001hhf8chs2nfn9i:0
